// Jest Snapshot v1, https://goo.gl/fbAQLP

exports[`matches snapshot 1`] = `
<DocumentFragment>
  <div>
    <h3>
      test
    </h3>
    <p>
      test
    </p>
    <p>
      10
    </p>
  </div>
</DocumentFragment>
`;
